mati@mati-900X3F:~/Documents/AM1/JupyterNotebookAM1$ git init -b main
Initialized empty Git repository in /home/mati/Documents/AM1/JupyterNotebookAM1/.git/
mati@mati-900X3F:~/Documents/AM1/JupyterNotebookAM1$ git add . && git commit -m "Commit inicial" >> log.txt
[main (root-commit) 1973c0e] Commit inicial
 2 files changed, 3176 insertions(+)
 create mode 100644 log.txt
 create mode 100644 practica_1.ipynb
 
 mati@mati-900X3F:~/Documents/AM1/JupyterNotebookAM1$ sudo snap install gh       # version 2.6.0-15-g1a10fd5a, or
gh 2.6.0-15-g1a10fd5a from Casper (casper-dcl) installed
mati@mati-900X3F:~/Documents/AM1/JupyterNotebookAM1$ gh repo create
Welcome to GitHub CLI!

To authenticate, please run `gh auth login`.
mati@mati-900X3F:~/Documents/AM1/JupyterNotebookAM1$ gh auth login
? What account do you want to log into? GitHub.com
? What is your preferred protocol for Git operations? HTTPS
? Authenticate Git with your GitHub credentials? Yes
? How would you like to authenticate GitHub CLI? Paste an authentication token
Tip: you can generate a Personal Access Token here https://github.com/settings/tokens
The minimum required scopes are 'repo', 'read:org', 'workflow'.
? Paste your authentication token: ****************************************
error validating token: missing required scope 'read:org'
mati@mati-900X3F:~/Documents/AM1/JupyterNotebookAM1$ 

mati@mati-900X3F:~/Documents/AM1/JupyterNotebookAM1$ git config --list
user.email=mailmatiash@gmail.com
core.repositoryformatversion=0
core.filemode=true
core.bare=false
core.logallrefupdates=true
mati@mati-900X3F:~/Documents/AM1/JupyterNotebookAM1$ git config --global user.name gitMatiH
mati@mati-900X3F:~/Documents/AM1/JupyterNotebookAM1$ git config --list
user.email=mailmatiash@gmail.com
user.name=gitMatiH
core.repositoryformatversion=0
core.filemode=true
core.bare=false
core.logallrefupdates=true
mati@mati-900X3F:~/Documents

mati@mati-900X3F:~/Documents/AM1/AM1JupyterNotebook$ echo "AM!JupyterNotebooks" >> README.md
bash: !JupyterNotebooks: event not found
mati@mati-900X3F:~/Documents/AM1/AM1JupyterNotebook$ echo "AM1JupyterNotebooks" >> README.md
mati@mati-900X3F:~/Documents/AM1/AM1JupyterNotebook$ git init
Reinitialized existing Git repository in /home/mati/Documents/AM1/AM1JupyterNotebook/.git/
mati@mati-900X3F:~/Documents/AM1/AM1JupyterNotebook$ ls
log.txt  matplotlib.ipynb  practica_1.ipynb  README.md  test.png
mati@mati-900X3F:~/Documents/AM1/AM1JupyterNotebook$ ls -a
.  ..  .git  .ipynb_checkpoints  log.txt  matplotlib.ipynb  practica_1.ipynb  README.md  test.png
mati@mati-900X3F:~/Documents/AM1/AM1JupyterNotebook$ rmdir -r .git
rmdir: invalid option -- 'r'
Try 'rmdir --help' for more information.
mati@mati-900X3F:~/Documents/AM1/AM1JupyterNotebook$ emdir --help

Command 'emdir' not found, did you mean:

  command 'mdir' from deb mtools (4.0.24-1)
  command 'rmdir' from deb coreutils (8.30-3ubuntu2)
  command 'mmdir' from deb simh (3.8.1-6)

Try: sudo apt install <deb name>

mati@mati-900X3F:~/Documents/AM1/AM1JupyterNotebook$ rmdir --help
Usage: rmdir [OPTION]... DIRECTORY...
Remove the DIRECTORY(ies), if they are empty.

      --ignore-fail-on-non-empty
                  ignore each failure that is solely because a directory
                    is non-empty
  -p, --parents   remove DIRECTORY and its ancestors; e.g., 'rmdir -p a/b/c' is
                    similar to 'rmdir a/b/c a/b a'
  -v, --verbose   output a diagnostic for every directory processed
      --help     display this help and exit
      --version  output version information and exit

GNU coreutils online help: <https://www.gnu.org/software/coreutils/>
Full documentation at: <https://www.gnu.org/software/coreutils/rmdir>
or available locally via: info '(coreutils) rmdir invocation'
mati@mati-900X3F:~/Documents/AM1/AM1JupyterNotebook$ rmdir .git
rmdir: failed to remove '.git': Directory not empty
mati@mati-900X3F:~/Documents/AM1/AM1JupyterNotebook$ rmdir -r .git
rmdir: invalid option -- 'r'
Try 'rmdir --help' for more information.
mati@mati-900X3F:~/Documents/AM1/AM1JupyterNotebook$ rm -r .git
rm: remove write-protected regular file '.git/objects/6b/11f6838c4932523e4c9a1bd380a792c0c7bbee'? y
rm: remove write-protected regular file '.git/objects/09/d0b86e59eb8adf22870ec9c751eb36c02ba5e3'? y
rm: remove write-protected regular file '.git/objects/62/c5d9414dd65e68bb7eebe71f6654e3254fade9'? y
rm: remove write-protected regular file '.git/objects/19/73c0e8b48aec62b2f99e53084f6e113d0c75e6'? y
rm: remove write-protected regular file '.git/objects/52/f846af6a70bf909d80f632320c4b1f4f0a0903'? y
rm: remove write-protected regular file '.git/objects/7b/5e3a70db61ab5b52359bb504e33488347741ab'? y
rm: remove write-protected regular file '.git/objects/ae/d24c4f1411816e640083a80397333dfdb0a7be'? y
mati@mati-900X3F:~/Documents/AM1/AM1JupyterNotebook$ y
y: command not found
mati@mati-900X3F:~/Documents/AM1/AM1JupyterNotebook$ ls-a
ls-a: command not found
mati@mati-900X3F:~/Documents/AM1/AM1JupyterNotebook$ ls -a
.  ..  .ipynb_checkpoints  log.txt  matplotlib.ipynb  practica_1.ipynb  README.md  test.png
mati@mati-900X3F:~/Documents/AM1/AM1JupyterNotebook$ git init
hint: Using 'master' as the name for the initial branch. This default branch name
hint: is subject to change. To configure the initial branch name to use in all
hint: of your new repositories, which will suppress this warning, call:
hint: 
hint: 	git config --global init.defaultBranch <name>
hint: 
hint: Names commonly chosen instead of 'master' are 'main', 'trunk' and
hint: 'development'. The just-created branch can be renamed via this command:
hint: 
hint: 	git branch -m <name>
Initialized empty Git repository in /home/mati/Documents/AM1/AM1JupyterNotebook/.git/
mati@mati-900X3F:~/Documents/AM1/AM1JupyterNotebook$ git add .
mati@mati-900X3F:~/Documents/AM1/AM1JupyterNotebook$ git status
On branch master

No commits yet

Changes to be committed:
  (use "git rm --cached <file>..." to unstage)
	new file:   .ipynb_checkpoints/matplotlib-checkpoint.ipynb
	new file:   README.md
	new file:   log.txt
	new file:   matplotlib.ipynb
	new file:   practica_1.ipynb
	new file:   test.png

mati@mati-900X3F:~/Documents/AM1/AM1JupyterNotebook$ git commit -m "primer commit"
[master (root-commit) 27ccf8c] primer commit
 6 files changed, 4122 insertions(+)
 create mode 100644 .ipynb_checkpoints/matplotlib-checkpoint.ipynb
 create mode 100644 README.md
 create mode 100644 log.txt
 create mode 100644 matplotlib.ipynb
 create mode 100644 practica_1.ipynb
 create mode 100644 test.png
mati@mati-900X3F:~/Documents/AM1/AM1JupyterNotebook$ git branch
* master
mati@mati-900X3F:~/Documents/AM1/AM1JupyterNotebook$ git checkout
mati@mati-900X3F:~/Documents/AM1/AM1JupyterNotebook$ git branch
* master
mati@mati-900X3F:~/Documents/AM1/AM1JupyterNotebook$ git remote add origin https://github.com/gitMatiH/AM1JupyterNotebooks.git
mati@mati-900X3F:~/Documents/AM1/AM1JupyterNotebook$ git push
fatal: The current branch master has no upstream branch.
To push the current branch and set the remote as upstream, use

    git push --set-upstream origin master

To have this happen automatically for branches without a tracking
upstream, see 'push.autoSetupRemote' in 'git help config'.

mati@mati-900X3F:~/Documents/AM1/AM1JupyterNotebook$ git push -u master
fatal: 'master' does not appear to be a git repository
fatal: Could not read from remote repository.

Please make sure you have the correct access rights
and the repository exists.
mati@mati-900X3F:~/Documents/AM1/AM1JupyterNotebook$ git push -u origin master
Username for 'https://github.com': gitMatiH
Password for 'https://gitMatiH@github.com': 
remote: Support for password authentication was removed on August 13, 2021.
remote: Please see https://docs.github.com/en/get-started/getting-started-with-git/about-remote-repositories#cloning-with-https-urls for information on currently recommended modes of authentication.
fatal: Authentication failed for 'https://github.com/gitMatiH/AM1JupyterNotebooks.git/'
mati@mati-900X3F:~/Documents/AM1/AM1JupyterNotebook$ git push -u origin master
Username for 'https://github.com': gitMatiH
Password for 'https://gitMatiH@github.com': 
remote: Invalid username or password.
fatal: Authentication failed for 'https://github.com/gitMatiH/AM1JupyterNotebooks.git/'
mati@mati-900X3F:~/Documents/AM1/AM1JupyterNotebook$ git push -u origin master
Username for 'https://github.com': gitMatiH
Password for 'https://gitMatiH@github.com': 
Enumerating objects: 8, done.
Counting objects: 100% (8/8), done.
Delta compression using up to 4 threads
Compressing objects: 100% (7/7), done.
Writing objects: 100% (8/8), 142.43 KiB | 6.47 MiB/s, done.
Total 8 (delta 0), reused 0 (delta 0), pack-reused 0
To https://github.com/gitMatiH/AM1JupyterNotebooks.git
 * [new branch]      master -> master
branch 'master' set up to track 'origin/master'.
mati@mati-900X3F:~/Documents/AM1/AM1JupyterNotebook$ 

